This is pdfTeX, Version 3.141592653-2.6-1.40.25 (TeX Live 2023/Debian) (preloaded format=pdflatex 2025.4.8)  3 AUG 2025 19:47
entering extended mode
 restricted \write18 enabled.
 %&-line parsing enabled.
**CyberRevenantUltraFuture.tex
(./CyberRevenantUltraFuture.tex
LaTeX2e <2023-11-01> patch level 1
L3 programming layer <2024-01-22>
(/usr/share/texlive/texmf-dist/tex/latex/base/report.cls
Document Class: report 2023/05/17 v1.4n Standard LaTeX document class
(/usr/share/texlive/texmf-dist/tex/latex/base/size10.clo
File: size10.clo 2023/05/17 v1.4n Standard LaTeX file (size option)
)
\c@part=\count187
\c@chapter=\count188
\c@section=\count189
\c@subsection=\count190
\c@subsubsection=\count191
\c@paragraph=\count192
\c@subparagraph=\count193
\c@figure=\count194
\c@table=\count195
\abovecaptionskip=\skip48
\belowcaptionskip=\skip49
\bibindent=\dimen140
)
(/usr/share/texlive/texmf-dist/tex/latex/base/inputenc.sty
Package: inputenc 2021/02/14 v1.3d Input encoding file
\inpenc@prehook=\toks17
\inpenc@posthook=\toks18
)
(/usr/share/texlive/texmf-dist/tex/latex/amsmath/amsmath.sty
Package: amsmath 2023/05/13 v2.17o AMS math features
\@mathmargin=\skip50

For additional information on amsmath, use the `?' option.
(/usr/share/texlive/texmf-dist/tex/latex/amsmath/amstext.sty
Package: amstext 2021/08/26 v2.01 AMS text

(/usr/share/texlive/texmf-dist/tex/latex/amsmath/amsgen.sty
File: amsgen.sty 1999/11/30 v2.0 generic functions
\@emptytoks=\toks19
\ex@=\dimen141
))
(/usr/share/texlive/texmf-dist/tex/latex/amsmath/amsbsy.sty
Package: amsbsy 1999/11/29 v1.2d Bold Symbols
\pmbraise@=\dimen142
)
(/usr/share/texlive/texmf-dist/tex/latex/amsmath/amsopn.sty
Package: amsopn 2022/04/08 v2.04 operator names
)
\inf@bad=\count196
LaTeX Info: Redefining \frac on input line 234.
\uproot@=\count197
\leftroot@=\count198
LaTeX Info: Redefining \overline on input line 399.
LaTeX Info: Redefining \colon on input line 410.
\classnum@=\count199
\DOTSCASE@=\count266
LaTeX Info: Redefining \ldots on input line 496.
LaTeX Info: Redefining \dots on input line 499.
LaTeX Info: Redefining \cdots on input line 620.
\Mathstrutbox@=\box51
\strutbox@=\box52
LaTeX Info: Redefining \big on input line 722.
LaTeX Info: Redefining \Big on input line 723.
LaTeX Info: Redefining \bigg on input line 724.
LaTeX Info: Redefining \Bigg on input line 725.
\big@size=\dimen143
LaTeX Font Info:    Redeclaring font encoding OML on input line 743.
LaTeX Font Info:    Redeclaring font encoding OMS on input line 744.
\macc@depth=\count267
LaTeX Info: Redefining \bmod on input line 905.
LaTeX Info: Redefining \pmod on input line 910.
LaTeX Info: Redefining \smash on input line 940.
LaTeX Info: Redefining \relbar on input line 970.
LaTeX Info: Redefining \Relbar on input line 971.
\c@MaxMatrixCols=\count268
\dotsspace@=\muskip16
\c@parentequation=\count269
\dspbrk@lvl=\count270
\tag@help=\toks20
\row@=\count271
\column@=\count272
\maxfields@=\count273
\andhelp@=\toks21
\eqnshift@=\dimen144
\alignsep@=\dimen145
\tagshift@=\dimen146
\tagwidth@=\dimen147
\totwidth@=\dimen148
\lineht@=\dimen149
\@envbody=\toks22
\multlinegap=\skip51
\multlinetaggap=\skip52
\mathdisplay@stack=\toks23
LaTeX Info: Redefining \[ on input line 2953.
LaTeX Info: Redefining \] on input line 2954.
)
(/usr/share/texlive/texmf-dist/tex/latex/listings/listings.sty
(/usr/share/texlive/texmf-dist/tex/latex/graphics/keyval.sty
Package: keyval 2022/05/29 v1.15 key=value parser (DPC)
\KV@toks@=\toks24
)
\lst@mode=\count274
\lst@gtempboxa=\box53
\lst@token=\toks25
\lst@length=\count275
\lst@currlwidth=\dimen150
\lst@column=\count276
\lst@pos=\count277
\lst@lostspace=\dimen151
\lst@width=\dimen152
\lst@newlines=\count278
\lst@lineno=\count279
\lst@maxwidth=\dimen153

(/usr/share/texlive/texmf-dist/tex/latex/listings/lstmisc.sty
File: lstmisc.sty 2023/02/27 1.9 (Carsten Heinz)
\c@lstnumber=\count280
\lst@skipnumbers=\count281
\lst@framebox=\box54
)
(/usr/share/texlive/texmf-dist/tex/latex/listings/listings.cfg
File: listings.cfg 2023/02/27 1.9 listings configuration
))
Package: listings 2023/02/27 1.9 (Carsten Heinz)

(/usr/share/texlive/texmf-dist/tex/latex/hyperref/hyperref.sty
Package: hyperref 2024-01-20 v7.01h Hypertext links for LaTeX

(/usr/share/texlive/texmf-dist/tex/generic/iftex/iftex.sty
Package: iftex 2022/02/03 v1.0f TeX engine tests
)
(/usr/share/texlive/texmf-dist/tex/latex/kvsetkeys/kvsetkeys.sty
Package: kvsetkeys 2022-10-05 v1.19 Key value parser (HO)
)
(/usr/share/texlive/texmf-dist/tex/generic/kvdefinekeys/kvdefinekeys.sty
Package: kvdefinekeys 2019-12-19 v1.6 Define keys (HO)
)
(/usr/share/texlive/texmf-dist/tex/generic/pdfescape/pdfescape.sty
Package: pdfescape 2019/12/09 v1.15 Implements pdfTeX's escape features (HO)

(/usr/share/texlive/texmf-dist/tex/generic/ltxcmds/ltxcmds.sty
Package: ltxcmds 2023-12-04 v1.26 LaTeX kernel commands for general use (HO)
)
(/usr/share/texlive/texmf-dist/tex/generic/pdftexcmds/pdftexcmds.sty
Package: pdftexcmds 2020-06-27 v0.33 Utility functions of pdfTeX for LuaTeX (HO
)

(/usr/share/texlive/texmf-dist/tex/generic/infwarerr/infwarerr.sty
Package: infwarerr 2019/12/03 v1.5 Providing info/warning/error messages (HO)
)
Package pdftexcmds Info: \pdf@primitive is available.
Package pdftexcmds Info: \pdf@ifprimitive is available.
Package pdftexcmds Info: \pdfdraftmode found.
))
(/usr/share/texlive/texmf-dist/tex/latex/hycolor/hycolor.sty
Package: hycolor 2020-01-27 v1.10 Color options for hyperref/bookmark (HO)
)
(/usr/share/texlive/texmf-dist/tex/latex/auxhook/auxhook.sty
Package: auxhook 2019-12-17 v1.6 Hooks for auxiliary files (HO)
)
(/usr/share/texlive/texmf-dist/tex/latex/hyperref/nameref.sty
Package: nameref 2023-11-26 v2.56 Cross-referencing by name of section

(/usr/share/texlive/texmf-dist/tex/latex/refcount/refcount.sty
Package: refcount 2019/12/15 v3.6 Data extraction from label references (HO)
)
(/usr/share/texlive/texmf-dist/tex/generic/gettitlestring/gettitlestring.sty
Package: gettitlestring 2019/12/15 v1.6 Cleanup title references (HO)

(/usr/share/texlive/texmf-dist/tex/latex/kvoptions/kvoptions.sty
Package: kvoptions 2022-06-15 v3.15 Key value format for package options (HO)
))
\c@section@level=\count282
)
(/usr/share/texlive/texmf-dist/tex/latex/etoolbox/etoolbox.sty
Package: etoolbox 2020/10/05 v2.5k e-TeX tools for LaTeX (JAW)
\etb@tempcnta=\count283
)
\@linkdim=\dimen154
\Hy@linkcounter=\count284
\Hy@pagecounter=\count285

(/usr/share/texlive/texmf-dist/tex/latex/hyperref/pd1enc.def
File: pd1enc.def 2024-01-20 v7.01h Hyperref: PDFDocEncoding definition (HO)
Now handling font encoding PD1 ...
... no UTF-8 mapping file for font encoding PD1
)
(/usr/share/texlive/texmf-dist/tex/generic/intcalc/intcalc.sty
Package: intcalc 2019/12/15 v1.3 Expandable calculations with integers (HO)
)
\Hy@SavedSpaceFactor=\count286

(/usr/share/texlive/texmf-dist/tex/latex/hyperref/puenc.def
File: puenc.def 2024-01-20 v7.01h Hyperref: PDF Unicode definition (HO)
Now handling font encoding PU ...
... no UTF-8 mapping file for font encoding PU
)
Package hyperref Info: Hyper figures OFF on input line 4179.
Package hyperref Info: Link nesting OFF on input line 4184.
Package hyperref Info: Hyper index ON on input line 4187.
Package hyperref Info: Plain pages OFF on input line 4194.
Package hyperref Info: Backreferencing OFF on input line 4199.
Package hyperref Info: Implicit mode ON; LaTeX internals redefined.
Package hyperref Info: Bookmarks ON on input line 4446.
\c@Hy@tempcnt=\count287

(/usr/share/texlive/texmf-dist/tex/latex/url/url.sty
\Urlmuskip=\muskip17
Package: url 2013/09/16  ver 3.4  Verb mode for urls, etc.
)
LaTeX Info: Redefining \url on input line 4784.
\XeTeXLinkMargin=\dimen155

(/usr/share/texlive/texmf-dist/tex/generic/bitset/bitset.sty
Package: bitset 2019/12/09 v1.3 Handle bit-vector datatype (HO)

(/usr/share/texlive/texmf-dist/tex/generic/bigintcalc/bigintcalc.sty
Package: bigintcalc 2019/12/15 v1.5 Expandable calculations on big integers (HO
)
))
\Fld@menulength=\count288
\Field@Width=\dimen156
\Fld@charsize=\dimen157
Package hyperref Info: Hyper figures OFF on input line 6063.
Package hyperref Info: Link nesting OFF on input line 6068.
Package hyperref Info: Hyper index ON on input line 6071.
Package hyperref Info: backreferencing OFF on input line 6078.
Package hyperref Info: Link coloring OFF on input line 6083.
Package hyperref Info: Link coloring with OCG OFF on input line 6088.
Package hyperref Info: PDF/A mode OFF on input line 6093.

(/usr/share/texlive/texmf-dist/tex/latex/base/atbegshi-ltx.sty
Package: atbegshi-ltx 2021/01/10 v1.0c Emulation of the original atbegshi
package with kernel methods
)
\Hy@abspage=\count289
\c@Item=\count290
\c@Hfootnote=\count291
)
Package hyperref Info: Driver (autodetected): hpdftex.

(/usr/share/texlive/texmf-dist/tex/latex/hyperref/hpdftex.def
File: hpdftex.def 2024-01-20 v7.01h Hyperref driver for pdfTeX

(/usr/share/texlive/texmf-dist/tex/latex/base/atveryend-ltx.sty
Package: atveryend-ltx 2020/08/19 v1.0a Emulation of the original atveryend pac
kage
with kernel methods
)
\Fld@listcount=\count292
\c@bookmark@seq@number=\count293

(/usr/share/texlive/texmf-dist/tex/latex/rerunfilecheck/rerunfilecheck.sty
Package: rerunfilecheck 2022-07-10 v1.10 Rerun checks for auxiliary files (HO)

(/usr/share/texlive/texmf-dist/tex/generic/uniquecounter/uniquecounter.sty
Package: uniquecounter 2019/12/15 v1.4 Provide unlimited unique counter (HO)
)
Package uniquecounter Info: New unique counter `rerunfilecheck' on input line 2
85.
)
\Hy@SectionHShift=\skip53
)
(/usr/share/texlive/texmf-dist/tex/latex/graphics/graphicx.sty
Package: graphicx 2021/09/16 v1.2d Enhanced LaTeX Graphics (DPC,SPQR)

(/usr/share/texlive/texmf-dist/tex/latex/graphics/graphics.sty
Package: graphics 2022/03/10 v1.4e Standard LaTeX Graphics (DPC,SPQR)

(/usr/share/texlive/texmf-dist/tex/latex/graphics/trig.sty
Package: trig 2021/08/11 v1.11 sin cos tan (DPC)
)
(/usr/share/texlive/texmf-dist/tex/latex/graphics-cfg/graphics.cfg
File: graphics.cfg 2016/06/04 v1.11 sample graphics configuration
)
Package graphics Info: Driver file: pdftex.def on input line 107.

(/usr/share/texlive/texmf-dist/tex/latex/graphics-def/pdftex.def
File: pdftex.def 2022/09/22 v1.2b Graphics/color driver for pdftex
))
\Gin@req@height=\dimen158
\Gin@req@width=\dimen159
)
(/usr/share/texlive/texmf-dist/tex/latex/pgf/frontendlayer/tikz.sty
(/usr/share/texlive/texmf-dist/tex/latex/pgf/basiclayer/pgf.sty
(/usr/share/texlive/texmf-dist/tex/latex/pgf/utilities/pgfrcs.sty
(/usr/share/texlive/texmf-dist/tex/generic/pgf/utilities/pgfutil-common.tex
\pgfutil@everybye=\toks26
\pgfutil@tempdima=\dimen160
\pgfutil@tempdimb=\dimen161
)
(/usr/share/texlive/texmf-dist/tex/generic/pgf/utilities/pgfutil-latex.def
\pgfutil@abb=\box55
)
(/usr/share/texlive/texmf-dist/tex/generic/pgf/utilities/pgfrcs.code.tex
(/usr/share/texlive/texmf-dist/tex/generic/pgf/pgf.revision.tex)
Package: pgfrcs 2023-01-15 v3.1.10 (3.1.10)
))
Package: pgf 2023-01-15 v3.1.10 (3.1.10)

(/usr/share/texlive/texmf-dist/tex/latex/pgf/basiclayer/pgfcore.sty
(/usr/share/texlive/texmf-dist/tex/latex/pgf/systemlayer/pgfsys.sty
(/usr/share/texlive/texmf-dist/tex/generic/pgf/systemlayer/pgfsys.code.tex
Package: pgfsys 2023-01-15 v3.1.10 (3.1.10)

(/usr/share/texlive/texmf-dist/tex/generic/pgf/utilities/pgfkeys.code.tex
\pgfkeys@pathtoks=\toks27
\pgfkeys@temptoks=\toks28

(/usr/share/texlive/texmf-dist/tex/generic/pgf/utilities/pgfkeyslibraryfiltered
.code.tex
\pgfkeys@tmptoks=\toks29
))
\pgf@x=\dimen162
\pgf@y=\dimen163
\pgf@xa=\dimen164
\pgf@ya=\dimen165
\pgf@xb=\dimen166
\pgf@yb=\dimen167
\pgf@xc=\dimen168
\pgf@yc=\dimen169
\pgf@xd=\dimen170
\pgf@yd=\dimen171
\w@pgf@writea=\write3
\r@pgf@reada=\read2
\c@pgf@counta=\count294
\c@pgf@countb=\count295
\c@pgf@countc=\count296
\c@pgf@countd=\count297
\t@pgf@toka=\toks30
\t@pgf@tokb=\toks31
\t@pgf@tokc=\toks32
\pgf@sys@id@count=\count298
 (/usr/share/texlive/texmf-dist/tex/generic/pgf/systemlayer/pgf.cfg
File: pgf.cfg 2023-01-15 v3.1.10 (3.1.10)
)
Driver file for pgf: pgfsys-pdftex.def
(/usr/share/texlive/texmf-dist/tex/generic/pgf/systemlayer/pgfsys-pdftex.def
File: pgfsys-pdftex.def 2023-01-15 v3.1.10 (3.1.10)

(/usr/share/texlive/texmf-dist/tex/generic/pgf/systemlayer/pgfsys-common-pdf.de
f
File: pgfsys-common-pdf.def 2023-01-15 v3.1.10 (3.1.10)
)))
(/usr/share/texlive/texmf-dist/tex/generic/pgf/systemlayer/pgfsyssoftpath.code.
tex
File: pgfsyssoftpath.code.tex 2023-01-15 v3.1.10 (3.1.10)
\pgfsyssoftpath@smallbuffer@items=\count299
\pgfsyssoftpath@bigbuffer@items=\count300
)
(/usr/share/texlive/texmf-dist/tex/generic/pgf/systemlayer/pgfsysprotocol.code.
tex
File: pgfsysprotocol.code.tex 2023-01-15 v3.1.10 (3.1.10)
)) (/usr/share/texlive/texmf-dist/tex/latex/xcolor/xcolor.sty
Package: xcolor 2023/11/15 v3.01 LaTeX color extensions (UK)

(/usr/share/texlive/texmf-dist/tex/latex/graphics-cfg/color.cfg
File: color.cfg 2016/01/02 v1.6 sample color configuration
)
Package xcolor Info: Driver file: pdftex.def on input line 274.

(/usr/share/texlive/texmf-dist/tex/latex/graphics/mathcolor.ltx)
Package xcolor Info: Model `cmy' substituted by `cmy0' on input line 1350.
Package xcolor Info: Model `hsb' substituted by `rgb' on input line 1354.
Package xcolor Info: Model `RGB' extended on input line 1366.
Package xcolor Info: Model `HTML' substituted by `rgb' on input line 1368.
Package xcolor Info: Model `Hsb' substituted by `hsb' on input line 1369.
Package xcolor Info: Model `tHsb' substituted by `hsb' on input line 1370.
Package xcolor Info: Model `HSB' substituted by `hsb' on input line 1371.
Package xcolor Info: Model `Gray' substituted by `gray' on input line 1372.
Package xcolor Info: Model `wave' substituted by `hsb' on input line 1373.
)
(/usr/share/texlive/texmf-dist/tex/generic/pgf/basiclayer/pgfcore.code.tex
Package: pgfcore 2023-01-15 v3.1.10 (3.1.10)

(/usr/share/texlive/texmf-dist/tex/generic/pgf/math/pgfmath.code.tex
(/usr/share/texlive/texmf-dist/tex/generic/pgf/math/pgfmathutil.code.tex)
(/usr/share/texlive/texmf-dist/tex/generic/pgf/math/pgfmathparser.code.tex
\pgfmath@dimen=\dimen172
\pgfmath@count=\count301
\pgfmath@box=\box56
\pgfmath@toks=\toks33
\pgfmath@stack@operand=\toks34
\pgfmath@stack@operation=\toks35
)
(/usr/share/texlive/texmf-dist/tex/generic/pgf/math/pgfmathfunctions.code.tex)
(/usr/share/texlive/texmf-dist/tex/generic/pgf/math/pgfmathfunctions.basic.code
.tex)
(/usr/share/texlive/texmf-dist/tex/generic/pgf/math/pgfmathfunctions.trigonomet
ric.code.tex)
(/usr/share/texlive/texmf-dist/tex/generic/pgf/math/pgfmathfunctions.random.cod
e.tex)
(/usr/share/texlive/texmf-dist/tex/generic/pgf/math/pgfmathfunctions.comparison
.code.tex)
(/usr/share/texlive/texmf-dist/tex/generic/pgf/math/pgfmathfunctions.base.code.
tex)
(/usr/share/texlive/texmf-dist/tex/generic/pgf/math/pgfmathfunctions.round.code
.tex)
(/usr/share/texlive/texmf-dist/tex/generic/pgf/math/pgfmathfunctions.misc.code.
tex)
(/usr/share/texlive/texmf-dist/tex/generic/pgf/math/pgfmathfunctions.integerari
thmetics.code.tex)
(/usr/share/texlive/texmf-dist/tex/generic/pgf/math/pgfmathcalc.code.tex)
(/usr/share/texlive/texmf-dist/tex/generic/pgf/math/pgfmathfloat.code.tex
\c@pgfmathroundto@lastzeros=\count302
))
(/usr/share/texlive/texmf-dist/tex/generic/pgf/math/pgfint.code.tex)
(/usr/share/texlive/texmf-dist/tex/generic/pgf/basiclayer/pgfcorepoints.code.te
x
File: pgfcorepoints.code.tex 2023-01-15 v3.1.10 (3.1.10)
\pgf@picminx=\dimen173
\pgf@picmaxx=\dimen174
\pgf@picminy=\dimen175
\pgf@picmaxy=\dimen176
\pgf@pathminx=\dimen177
\pgf@pathmaxx=\dimen178
\pgf@pathminy=\dimen179
\pgf@pathmaxy=\dimen180
\pgf@xx=\dimen181
\pgf@xy=\dimen182
\pgf@yx=\dimen183
\pgf@yy=\dimen184
\pgf@zx=\dimen185
\pgf@zy=\dimen186
)
(/usr/share/texlive/texmf-dist/tex/generic/pgf/basiclayer/pgfcorepathconstruct.
code.tex
File: pgfcorepathconstruct.code.tex 2023-01-15 v3.1.10 (3.1.10)
\pgf@path@lastx=\dimen187
\pgf@path@lasty=\dimen188
)
(/usr/share/texlive/texmf-dist/tex/generic/pgf/basiclayer/pgfcorepathusage.code
.tex
File: pgfcorepathusage.code.tex 2023-01-15 v3.1.10 (3.1.10)
\pgf@shorten@end@additional=\dimen189
\pgf@shorten@start@additional=\dimen190
)
(/usr/share/texlive/texmf-dist/tex/generic/pgf/basiclayer/pgfcorescopes.code.te
x
File: pgfcorescopes.code.tex 2023-01-15 v3.1.10 (3.1.10)
\pgfpic=\box57
\pgf@hbox=\box58
\pgf@layerbox@main=\box59
\pgf@picture@serial@count=\count303
)
(/usr/share/texlive/texmf-dist/tex/generic/pgf/basiclayer/pgfcoregraphicstate.c
ode.tex
File: pgfcoregraphicstate.code.tex 2023-01-15 v3.1.10 (3.1.10)
\pgflinewidth=\dimen191
)
(/usr/share/texlive/texmf-dist/tex/generic/pgf/basiclayer/pgfcoretransformation
s.code.tex
File: pgfcoretransformations.code.tex 2023-01-15 v3.1.10 (3.1.10)
\pgf@pt@x=\dimen192
\pgf@pt@y=\dimen193
\pgf@pt@temp=\dimen194
)
(/usr/share/texlive/texmf-dist/tex/generic/pgf/basiclayer/pgfcorequick.code.tex
File: pgfcorequick.code.tex 2023-01-15 v3.1.10 (3.1.10)
)
(/usr/share/texlive/texmf-dist/tex/generic/pgf/basiclayer/pgfcoreobjects.code.t
ex
File: pgfcoreobjects.code.tex 2023-01-15 v3.1.10 (3.1.10)
)
(/usr/share/texlive/texmf-dist/tex/generic/pgf/basiclayer/pgfcorepathprocessing
.code.tex
File: pgfcorepathprocessing.code.tex 2023-01-15 v3.1.10 (3.1.10)
)
(/usr/share/texlive/texmf-dist/tex/generic/pgf/basiclayer/pgfcorearrows.code.te
x
File: pgfcorearrows.code.tex 2023-01-15 v3.1.10 (3.1.10)
\pgfarrowsep=\dimen195
)
(/usr/share/texlive/texmf-dist/tex/generic/pgf/basiclayer/pgfcoreshade.code.tex
File: pgfcoreshade.code.tex 2023-01-15 v3.1.10 (3.1.10)
\pgf@max=\dimen196
\pgf@sys@shading@range@num=\count304
\pgf@shadingcount=\count305
)
(/usr/share/texlive/texmf-dist/tex/generic/pgf/basiclayer/pgfcoreimage.code.tex
File: pgfcoreimage.code.tex 2023-01-15 v3.1.10 (3.1.10)
)
(/usr/share/texlive/texmf-dist/tex/generic/pgf/basiclayer/pgfcoreexternal.code.
tex
File: pgfcoreexternal.code.tex 2023-01-15 v3.1.10 (3.1.10)
\pgfexternal@startupbox=\box60
)
(/usr/share/texlive/texmf-dist/tex/generic/pgf/basiclayer/pgfcorelayers.code.te
x
File: pgfcorelayers.code.tex 2023-01-15 v3.1.10 (3.1.10)
)
(/usr/share/texlive/texmf-dist/tex/generic/pgf/basiclayer/pgfcoretransparency.c
ode.tex
File: pgfcoretransparency.code.tex 2023-01-15 v3.1.10 (3.1.10)
)
(/usr/share/texlive/texmf-dist/tex/generic/pgf/basiclayer/pgfcorepatterns.code.
tex
File: pgfcorepatterns.code.tex 2023-01-15 v3.1.10 (3.1.10)
)
(/usr/share/texlive/texmf-dist/tex/generic/pgf/basiclayer/pgfcorerdf.code.tex
File: pgfcorerdf.code.tex 2023-01-15 v3.1.10 (3.1.10)
)))
(/usr/share/texlive/texmf-dist/tex/generic/pgf/modules/pgfmoduleshapes.code.tex
File: pgfmoduleshapes.code.tex 2023-01-15 v3.1.10 (3.1.10)
\pgfnodeparttextbox=\box61
) (/usr/share/texlive/texmf-dist/tex/generic/pgf/modules/pgfmoduleplot.code.tex
File: pgfmoduleplot.code.tex 2023-01-15 v3.1.10 (3.1.10)
)
(/usr/share/texlive/texmf-dist/tex/latex/pgf/compatibility/pgfcomp-version-0-65
.sty
Package: pgfcomp-version-0-65 2023-01-15 v3.1.10 (3.1.10)
\pgf@nodesepstart=\dimen197
\pgf@nodesepend=\dimen198
)
(/usr/share/texlive/texmf-dist/tex/latex/pgf/compatibility/pgfcomp-version-1-18
.sty
Package: pgfcomp-version-1-18 2023-01-15 v3.1.10 (3.1.10)
)) (/usr/share/texlive/texmf-dist/tex/latex/pgf/utilities/pgffor.sty
(/usr/share/texlive/texmf-dist/tex/latex/pgf/utilities/pgfkeys.sty
(/usr/share/texlive/texmf-dist/tex/generic/pgf/utilities/pgfkeys.code.tex))
(/usr/share/texlive/texmf-dist/tex/latex/pgf/math/pgfmath.sty
(/usr/share/texlive/texmf-dist/tex/generic/pgf/math/pgfmath.code.tex))
(/usr/share/texlive/texmf-dist/tex/generic/pgf/utilities/pgffor.code.tex
Package: pgffor 2023-01-15 v3.1.10 (3.1.10)
\pgffor@iter=\dimen199
\pgffor@skip=\dimen256
\pgffor@stack=\toks36
\pgffor@toks=\toks37
))
(/usr/share/texlive/texmf-dist/tex/generic/pgf/frontendlayer/tikz/tikz.code.tex
Package: tikz 2023-01-15 v3.1.10 (3.1.10)

(/usr/share/texlive/texmf-dist/tex/generic/pgf/libraries/pgflibraryplothandlers
.code.tex
File: pgflibraryplothandlers.code.tex 2023-01-15 v3.1.10 (3.1.10)
\pgf@plot@mark@count=\count306
\pgfplotmarksize=\dimen257
)
\tikz@lastx=\dimen258
\tikz@lasty=\dimen259
\tikz@lastxsaved=\dimen260
\tikz@lastysaved=\dimen261
\tikz@lastmovetox=\dimen262
\tikz@lastmovetoy=\dimen263
\tikzleveldistance=\dimen264
\tikzsiblingdistance=\dimen265
\tikz@figbox=\box62
\tikz@figbox@bg=\box63
\tikz@tempbox=\box64
\tikz@tempbox@bg=\box65
\tikztreelevel=\count307
\tikznumberofchildren=\count308
\tikznumberofcurrentchild=\count309
\tikz@fig@count=\count310

(/usr/share/texlive/texmf-dist/tex/generic/pgf/modules/pgfmodulematrix.code.tex
File: pgfmodulematrix.code.tex 2023-01-15 v3.1.10 (3.1.10)
\pgfmatrixcurrentrow=\count311
\pgfmatrixcurrentcolumn=\count312
\pgf@matrix@numberofcolumns=\count313
)
\tikz@expandcount=\count314

(/usr/share/texlive/texmf-dist/tex/generic/pgf/frontendlayer/tikz/libraries/tik
zlibrarytopaths.code.tex
File: tikzlibrarytopaths.code.tex 2023-01-15 v3.1.10 (3.1.10)
)))
(/usr/share/texlive/texmf-dist/tex/generic/pgf/libraries/pgflibraryarrows.meta.
code.tex
File: pgflibraryarrows.meta.code.tex 2023-01-15 v3.1.10 (3.1.10)
\pgfarrowinset=\dimen266
\pgfarrowlength=\dimen267
\pgfarrowwidth=\dimen268
\pgfarrowlinewidth=\dimen269
)
(/usr/share/texlive/texmf-dist/tex/generic/pgf/frontendlayer/tikz/libraries/tik
zlibrarybending.code.tex
File: tikzlibrarybending.code.tex 2023-01-15 v3.1.10 (3.1.10)

(/usr/share/texlive/texmf-dist/tex/generic/pgf/modules/pgfmodulebending.code.te
x
File: pgfmodulebending.code.tex 2023-01-15 v3.1.10 (3.1.10)

(/usr/share/texlive/texmf-dist/tex/generic/pgf/modules/pgfmodulenonlineartransf
ormations.code.tex
File: pgfmodulenonlineartransformations.code.tex 2023-01-15 v3.1.10 (3.1.10)
\pgftransformnonlinearflatness=\dimen270
)
(/usr/share/texlive/texmf-dist/tex/generic/pgf/libraries/pgflibrarycurvilinear.
code.tex
File: pgflibrarycurvilinear.code.tex 2023-01-15 v3.1.10 (3.1.10)
\pgf@curvilinear@time@a=\dimen271
\pgf@curvilinear@length@a=\dimen272
\pgf@curvilinear@length@b=\dimen273
\pgf@curvilinear@length@c=\dimen274
\pgf@curvilinear@length@d=\dimen275
)
\pgf@arrows@the@rigidity=\dimen276
))
(/usr/share/texlive/texmf-dist/tex/generic/pgf/frontendlayer/tikz/libraries/tik
zlibrarypositioning.code.tex
File: tikzlibrarypositioning.code.tex 2023-01-15 v3.1.10 (3.1.10)
)
(/usr/share/texlive/texmf-dist/tex/generic/pgf/frontendlayer/tikz/libraries/tik
zlibraryshapes.geometric.code.tex
File: tikzlibraryshapes.geometric.code.tex 2023-01-15 v3.1.10 (3.1.10)

(/usr/share/texlive/texmf-dist/tex/generic/pgf/libraries/shapes/pgflibraryshape
s.geometric.code.tex
File: pgflibraryshapes.geometric.code.tex 2023-01-15 v3.1.10 (3.1.10)
))
(/usr/share/texlive/texmf-dist/tex/generic/pgf/frontendlayer/tikz/libraries/tik
zlibraryarrows.code.tex
File: tikzlibraryarrows.code.tex 2023-01-15 v3.1.10 (3.1.10)

(/usr/share/texlive/texmf-dist/tex/generic/pgf/libraries/pgflibraryarrows.code.
tex
File: pgflibraryarrows.code.tex 2023-01-15 v3.1.10 (3.1.10)
\arrowsize=\dimen277
)) (/usr/share/texlive/texmf-dist/tex/latex/base/fontenc.sty
Package: fontenc 2021/04/29 v2.0v Standard LaTeX package
)
(/usr/share/texlive/texmf-dist/tex/latex/l3backend/l3backend-pdftex.def
File: l3backend-pdftex.def 2024-01-04 L3 backend support: PDF output (pdfTeX)
\l__color_backend_stack_int=\count315
\l__pdf_internal_box=\box66
)
(./CyberRevenantUltraFuture.aux

LaTeX Warning: Label `table:1' multiply defined.

)
\openout1 = `CyberRevenantUltraFuture.aux'.

LaTeX Font Info:    Checking defaults for OML/cmm/m/it on input line 16.
LaTeX Font Info:    ... okay on input line 16.
LaTeX Font Info:    Checking defaults for OMS/cmsy/m/n on input line 16.
LaTeX Font Info:    ... okay on input line 16.
LaTeX Font Info:    Checking defaults for OT1/cmr/m/n on input line 16.
LaTeX Font Info:    ... okay on input line 16.
LaTeX Font Info:    Checking defaults for T1/cmr/m/n on input line 16.
LaTeX Font Info:    ... okay on input line 16.
LaTeX Font Info:    Checking defaults for TS1/cmr/m/n on input line 16.
LaTeX Font Info:    ... okay on input line 16.
LaTeX Font Info:    Checking defaults for OMX/cmex/m/n on input line 16.
LaTeX Font Info:    ... okay on input line 16.
LaTeX Font Info:    Checking defaults for U/cmr/m/n on input line 16.
LaTeX Font Info:    ... okay on input line 16.
LaTeX Font Info:    Checking defaults for PD1/pdf/m/n on input line 16.
LaTeX Font Info:    ... okay on input line 16.
LaTeX Font Info:    Checking defaults for PU/pdf/m/n on input line 16.
LaTeX Font Info:    ... okay on input line 16.
\c@lstlisting=\count316
Package hyperref Info: Link coloring OFF on input line 16.
 (./CyberRevenantUltraFuture.out) (./CyberRevenantUltraFuture.out)
\@outlinefile=\write4
\openout4 = `CyberRevenantUltraFuture.out'.


(/usr/share/texlive/texmf-dist/tex/context/base/mkii/supp-pdf.mkii
[Loading MPS to PDF converter (version 2006.09.02).]
\scratchcounter=\count317
\scratchdimen=\dimen278
\scratchbox=\box67
\nofMPsegments=\count318
\nofMParguments=\count319
\everyMPshowfont=\toks38
\MPscratchCnt=\count320
\MPscratchDim=\dimen279
\MPnumerator=\count321
\makeMPintoPDFobject=\count322
\everyMPtoPDFconversion=\toks39
) (/usr/share/texlive/texmf-dist/tex/latex/epstopdf-pkg/epstopdf-base.sty
Package: epstopdf-base 2020-01-24 v2.11 Base part for package epstopdf

(/usr/share/texlive/texmf-dist/tex/latex/grfext/grfext.sty
Package: grfext 2019/12/03 v1.3 Manage graphics extensions (HO)
)
Package epstopdf-base Info: Redefining graphics rule for `.eps' on input line 4
85.
Package grfext Info: Graphics extension search list:
(grfext)             [.pdf,.png,.jpg,.mps,.jpeg,.jbig2,.jb2,.PDF,.PNG,.JPG,.JPE
G,.JBIG2,.JB2,.eps]
(grfext)             \AppendGraphicsExtensions on input line 504.

(/usr/share/texlive/texmf-dist/tex/latex/latexconfig/epstopdf-sys.cfg
File: epstopdf-sys.cfg 2010/07/13 v1.3 Configuration of (r)epstopdf for TeX Liv
e
))
[1

{/var/lib/texmf/fonts/map/pdftex/updmap/pdftex.map}]
(./CyberRevenantUltraFuture.toc)
\tf@toc=\write5
\openout5 = `CyberRevenantUltraFuture.toc'.


pdfTeX warning (ext4): destination with the same identifier (name{page.1}) has 
been already used, duplicate ignored
<to be read again> 
                   \relax 
l.26 \chapter
             {Prerequisites for compiling and running the game} [1

]
Chapter 1.
[2

]
LaTeX Font Info:    Trying to load font information for T1+cmtt on input line 7
2.
 (/usr/share/texlive/texmf-dist/tex/latex/base/t1cmtt.fd
File: t1cmtt.fd 2023/04/13 v2.5m Standard LaTeX font definitions
)
<sqlite.png, id=58, 972.63374pt x 119.69719pt>
File: sqlite.png Graphic file (type png)
<use sqlite.png>
Package pdftex.def Info: sqlite.png  used on input line 74.
(pdftex.def)             Requested size: 345.0pt x 42.45717pt.

Overfull \hbox (15.0pt too wide) in paragraph at lines 74--76
[][]
 []


Overfull \hbox (38.90918pt too wide) in paragraph at lines 77--78
[][][][][][][][][][][][][][][][][][] 
 []

[3 <./sqlite.png>] [4]
Chapter 2.
[5

] [6]

Package hyperref Warning: Difference (2) between bookmark levels is greater 
(hyperref)                than one, level fixed on input line 192.


Underfull \hbox (badness 10000) in paragraph at lines 197--198

 []

[7]
Underfull \hbox (badness 10000) in paragraph at lines 213--214

 []


Underfull \hbox (badness 10000) in paragraph at lines 215--216

 []

[8]
Underfull \hbox (badness 10000) in paragraph at lines 238--239

 []

[9]
Underfull \hbox (badness 10000) in paragraph at lines 240--241

 []


Overfull \hbox (99.10454pt too wide) detected at line 247
\OML/cmm/m/it/10 Creature[] \OT1/cmr/m/n/10 = \OML/cmm/m/it/10 max[]local \OMS/
cmsy/m/n/10 ^^@ \OT1/cmr/m/n/10 (\OML/cmm/m/it/10 Player[] \OMS/cmsy/m/n/10 ^^@
 \OML/cmm/m/it/10 Creature[]\OT1/cmr/m/n/10 )[]  \OML/cmm/m/it/10 max[]moves
 []


Overfull \hbox (96.4511pt too wide) detected at line 255
\OML/cmm/m/it/10 Creature[] \OT1/cmr/m/n/10 = \OML/cmm/m/it/10 min[]local \OT1/
cmr/m/n/10 + (\OML/cmm/m/it/10 Player[] \OMS/cmsy/m/n/10 ^^@ \OML/cmm/m/it/10 C
reature[]\OT1/cmr/m/n/10 )[]  \OML/cmm/m/it/10 max[]moves
 []


Underfull \hbox (badness 10000) in paragraph at lines 257--258

 []


Overfull \hbox (134.61688pt too wide) in paragraph at lines 268--287
 [][] 
 []


LaTeX Warning: `!h' float specifier changed to `!ht'.


Underfull \hbox (badness 10000) in paragraph at lines 313--313
[]\T1/cmr/m/n/10 ESC - Quit
 []


Overfull \hbox (59.99474pt too wide) in paragraph at lines 297--316
[][] 
 []


LaTeX Warning: `!h' float specifier changed to `!ht'.

[10]
Overfull \vbox (10.24646pt too high) has occurred while \output is active []


[11]
Overfull \hbox (105.36838pt too wide) in paragraph at lines 338--339
[]\T1/cmr/m/n/10 Assuming the player picked a valid di-a-logue op-tion, query d
ia_dialogue_selected_option_handler.
 []


Underfull \hbox (badness 10000) in paragraph at lines 344--345

 []

[12]
Underfull \hbox (badness 10000) in paragraph at lines 353--354

 []


Underfull \hbox (badness 10000) in paragraph at lines 356--357

 []


Underfull \hbox (badness 10000) in paragraph at lines 358--359

 []

[13]
Underfull \hbox (badness 10000) in paragraph at lines 380--381

 []


Underfull \hbox (badness 10000) in paragraph at lines 423--424
[]\T1/cmr/m/n/10 The num-ber of
 []


Underfull \hbox (badness 10000) in paragraph at lines 423--424
\T1/cmr/m/n/10 di-a-logue op-tions
 []


Underfull \hbox (badness 10000) in paragraph at lines 423--424
\T1/cmr/m/n/10 avail-able for the
 []


Underfull \hbox (badness 10000) in paragraph at lines 423--424
\T1/cmr/m/n/10 di-a-logue_folder_id
 []


Underfull \hbox (badness 10000) in paragraph at lines 423--424
\T1/cmr/m/n/10 + cur-
 []


Underfull \hbox (badness 10000) in paragraph at lines 427--427
[]\T1/cmr/m/n/10 PRIMARY
 []


Underfull \hbox (badness 10000) in paragraph at lines 427--427
\T1/cmr/m/n/10 KEY(dialogue_folder_id,
 []


Underfull \hbox (badness 10000) in paragraph at lines 428--428
[]\T1/cmr/m/n/10 CREATE UNIQUE IN-
 []


Underfull \hbox (badness 10000) in paragraph at lines 428--428
\T1/cmr/m/n/10 DEX IF NOT EX-
 []


Underfull \hbox (badness 10000) in paragraph at lines 428--428
\T1/cmr/m/n/10 ISTS(dialogue_folder_id,
 []


LaTeX Warning: Reference `Tab:diadialogueselectedoptionconsequencehandler' on p
age 14 undefined on input line 436.


Underfull \hbox (badness 1466) in paragraph at lines 436--437
[]\T1/cmr/m/n/10 If any checks are
 []


Underfull \hbox (badness 1281) in paragraph at lines 436--437
\T1/cmr/m/n/10 to be made as a
 []


Underfull \hbox (badness 5316) in paragraph at lines 436--437
\T1/cmr/m/n/10 con-se-quence of a
 []


Underfull \hbox (badness 10000) in paragraph at lines 436--437
\T1/cmr/m/n/10 se-lected di-a-logue
 []


Underfull \hbox (badness 5696) in paragraph at lines 436--437
\T1/cmr/m/n/10 op-tions, e.g skill
 []


Underfull \hbox (badness 4328) in paragraph at lines 436--437
\T1/cmr/m/n/10 have to be read
 []


Overfull \hbox (21.67076pt too wide) in paragraph at lines 415--439
[][] 
 []

[14]
Overfull \hbox (4.79373pt too wide) in paragraph at lines 448--449
\T1/cmr/m/n/10 Dia_Dialogue_Manager
 []


Underfull \hbox (badness 3058) in paragraph at lines 448--449
\T1/cmr/m/n/10 used for the cur-rent
 []


Underfull \hbox (badness 10000) in paragraph at lines 449--450
[]\T1/cmr/m/n/10 The cur-rent di-a-
 []


Underfull \hbox (badness 10000) in paragraph at lines 449--450
\T1/cmr/m/n/10 logue_id file be-ing
 []


Underfull \hbox (badness 10000) in paragraph at lines 450--451
[]\T1/cmr/m/n/10 The se-lected di-
 []


Underfull \hbox (badness 10000) in paragraph at lines 450--451
\T1/cmr/m/n/10 a-logue op-tion for
 []


Underfull \hbox (badness 10000) in paragraph at lines 450--451
\T1/cmr/m/n/10 the cur-rent di-a-
 []


Underfull \hbox (badness 10000) in paragraph at lines 450--451
\T1/cmr/m/n/10 logue_folder_id and
 []


Underfull \hbox (badness 10000) in paragraph at lines 450--451
\T1/cmr/m/n/10 cur-rent_dialogue_id
 []


Underfull \hbox (badness 1603) in paragraph at lines 452--453
\T1/cmr/m/n/10 vided the passed the
 []


Underfull \hbox (badness 1603) in paragraph at lines 453--454
\T1/cmr/m/n/10 vided the passed the
 []


Underfull \hbox (badness 10000) in paragraph at lines 457--457
[]\T1/cmr/m/n/10 PRIMARY
 []


Underfull \hbox (badness 10000) in paragraph at lines 457--457
\T1/cmr/m/n/10 KEY(dialogue_folder_id,
 []


Underfull \hbox (badness 10000) in paragraph at lines 457--457
\T1/cmr/m/n/10 cur-rent_dialogue_id, se-
 []


Underfull \hbox (badness 10000) in paragraph at lines 458--458
[]\T1/cmr/m/n/10 CREATE UNIQUE IN-
 []


Underfull \hbox (badness 10000) in paragraph at lines 458--458
\T1/cmr/m/n/10 DEX IF NOT EX-
 []


Underfull \hbox (badness 10000) in paragraph at lines 458--458
\T1/cmr/m/n/10 ISTS(dialogue_folder_id,
 []


Underfull \hbox (badness 10000) in paragraph at lines 458--458
\T1/cmr/m/n/10 cur-rent_dialogue_id, se-
 []


Underfull \hbox (badness 10000) in paragraph at lines 460--460
[]\T1/cmr/m/n/10 FOREIGN
 []


Underfull \hbox (badness 10000) in paragraph at lines 460--460
\T1/cmr/m/n/10 KEY(dialogue_folder_id,
 []


Underfull \hbox (badness 10000) in paragraph at lines 460--460
\T1/cmr/m/n/10 cur-rent_dialogue_id),
 []


Underfull \hbox (badness 10000) in paragraph at lines 460--460
\T1/cmr/m/n/10 REF-ER-ENCES
 []


Overfull \hbox (65.01894pt too wide) in paragraph at lines 460--460
\T1/cmr/m/n/10 dia_dialogue_interactions(dialogue_folder_id,
 []


Overfull \hbox (95.64809pt too wide) in paragraph at lines 442--467
[][] 
 []


LaTeX Warning: Float too large for page by 65.59995pt on input line 467.


LaTeX Warning: `h' float specifier changed to `ht'.


Overfull \hbox (4.79373pt too wide) in paragraph at lines 478--479
\T1/cmr/m/n/10 Dia_Dialogue_Manager
 []


Underfull \hbox (badness 3058) in paragraph at lines 478--479
\T1/cmr/m/n/10 used for the cur-rent
 []


Underfull \hbox (badness 10000) in paragraph at lines 479--480
[]\T1/cmr/m/n/10 The cur-rent di-a-
 []


Underfull \hbox (badness 10000) in paragraph at lines 479--480
\T1/cmr/m/n/10 logue_id file be-ing
 []


Underfull \hbox (badness 10000) in paragraph at lines 480--481
[]\T1/cmr/m/n/10 The se-lected di-
 []


Underfull \hbox (badness 10000) in paragraph at lines 480--481
\T1/cmr/m/n/10 a-logue op-tion for
 []


Underfull \hbox (badness 10000) in paragraph at lines 480--481
\T1/cmr/m/n/10 the cur-rent di-a-
 []


Underfull \hbox (badness 10000) in paragraph at lines 480--481
\T1/cmr/m/n/10 logue_folder_id and
 []


Underfull \hbox (badness 10000) in paragraph at lines 480--481
\T1/cmr/m/n/10 cur-rent_dialogue_id
 []


Underfull \hbox (badness 1281) in paragraph at lines 482--483
\T1/cmr/m/n/10 be ap-plied, based on
 []


Underfull \hbox (badness 10000) in paragraph at lines 486--486
[]\T1/cmr/m/n/10 CREATE UNIQUE IN-
 []


Underfull \hbox (badness 10000) in paragraph at lines 486--486
\T1/cmr/m/n/10 DEX IF NOT EX-
 []


Underfull \hbox (badness 10000) in paragraph at lines 486--486
\T1/cmr/m/n/10 ISTS(dialogue_folder_id,
 []


Underfull \hbox (badness 10000) in paragraph at lines 486--486
\T1/cmr/m/n/10 cur-rent_dialogue_id, se-
 []


Underfull \hbox (badness 10000) in paragraph at lines 488--488
[]\T1/cmr/m/n/10 FOREIGN
 []


Underfull \hbox (badness 10000) in paragraph at lines 488--488
\T1/cmr/m/n/10 KEY(dialogue_folder_id,
 []


Underfull \hbox (badness 10000) in paragraph at lines 488--488
\T1/cmr/m/n/10 cur-rent_dialogue_id),
 []


Underfull \hbox (badness 10000) in paragraph at lines 488--488
\T1/cmr/m/n/10 REF-ER-ENCES
 []


Overfull \hbox (65.01894pt too wide) in paragraph at lines 488--488
\T1/cmr/m/n/10 dia_dialogue_interactions(dialogue_folder_id,
 []


Overfull \hbox (95.64809pt too wide) in paragraph at lines 470--494
[][] 
 []


LaTeX Warning: `h' float specifier changed to `ht'.


Overfull \hbox (4.79373pt too wide) in paragraph at lines 503--504
\T1/cmr/m/n/10 Dia_Dialogue_Manager
 []


Underfull \hbox (badness 3058) in paragraph at lines 503--504
\T1/cmr/m/n/10 used for the cur-rent
 []


Underfull \hbox (badness 10000) in paragraph at lines 504--505
[]\T1/cmr/m/n/10 The cur-rent di-a-
 []


Underfull \hbox (badness 10000) in paragraph at lines 504--505
\T1/cmr/m/n/10 logue_id file be-ing
 []


Underfull \hbox (badness 10000) in paragraph at lines 505--506
[]\T1/cmr/m/n/10 The se-lected di-
 []


Underfull \hbox (badness 10000) in paragraph at lines 505--506
\T1/cmr/m/n/10 a-logue op-tion for
 []


Underfull \hbox (badness 10000) in paragraph at lines 505--506
\T1/cmr/m/n/10 the cur-rent di-a-
 []


Underfull \hbox (badness 10000) in paragraph at lines 505--506
\T1/cmr/m/n/10 logue_folder_id and
 []


Underfull \hbox (badness 10000) in paragraph at lines 505--506
\T1/cmr/m/n/10 cur-rent_dialogue_id
 []


Underfull \hbox (badness 3354) in paragraph at lines 506--507
[]\T1/cmr/m/n/10 Is the ini-tial id set
 []


Underfull \hbox (badness 10000) in paragraph at lines 511--511
[]\T1/cmr/m/n/10 PRIMARY
 []


Underfull \hbox (badness 10000) in paragraph at lines 511--511
\T1/cmr/m/n/10 KEY(dialogue_folder_id,
 []


Underfull \hbox (badness 10000) in paragraph at lines 511--511
\T1/cmr/m/n/10 cur-rent_dialogue_id, se-
 []


Underfull \hbox (badness 10000) in paragraph at lines 512--512
[]\T1/cmr/m/n/10 CREATE UNIQUE IN-
 []


Underfull \hbox (badness 10000) in paragraph at lines 512--512
\T1/cmr/m/n/10 DEX IF NOT EX-
 []


Underfull \hbox (badness 10000) in paragraph at lines 512--512
\T1/cmr/m/n/10 ISTS(dialogue_folder_id,
 []


Underfull \hbox (badness 10000) in paragraph at lines 512--512
\T1/cmr/m/n/10 cur-rent_dialogue_id, se-
 []


Underfull \hbox (badness 10000) in paragraph at lines 514--514
[]\T1/cmr/m/n/10 FOREIGN
 []


Underfull \hbox (badness 10000) in paragraph at lines 514--514
\T1/cmr/m/n/10 KEY(dialogue_folder_id,
 []


Underfull \hbox (badness 10000) in paragraph at lines 514--514
\T1/cmr/m/n/10 cur-rent_dialogue_id),
 []


Underfull \hbox (badness 10000) in paragraph at lines 514--514
\T1/cmr/m/n/10 REF-ER-ENCES
 []


Overfull \hbox (65.01894pt too wide) in paragraph at lines 514--514
\T1/cmr/m/n/10 dia_dialogue_interactions(dialogue_folder_id,
 []


Overfull \hbox (95.64809pt too wide) in paragraph at lines 497--520
[][] 
 []


LaTeX Warning: `h' float specifier changed to `ht'.

[15] [16] [17] [18] [19

] (./CyberRevenantUltraFuture.aux)
 ***********
LaTeX2e <2023-11-01> patch level 1
L3 programming layer <2024-01-22>
 ***********


LaTeX Warning: There were undefined references.


LaTeX Warning: There were multiply-defined labels.

Package rerunfilecheck Info: File `CyberRevenantUltraFuture.out' has not change
d.
(rerunfilecheck)             Checksum: 41F1361473D437869E033EF82CA7D2CA;847.
 ) 
Here is how much of TeX's memory you used:
 23219 strings out of 476139
 435898 string characters out of 5794455
 1954975 words of memory out of 5000000
 44765 multiletter control sequences out of 15000+600000
 573287 words of font info for 66 fonts, out of 8000000 for 9000
 36 hyphenation exceptions out of 8191
 84i,11n,93p,898b,1030s stack positions out of 10000i,1000n,20000p,200000b,200000s
 </home/anton-n/.texlive2023/texmf-var/fonts/pk/ljfour/jknappen/ec/ecti1000.6
00pk> </home/anton-n/.texlive2023/texmf-var/fonts/pk/ljfour/jknappen/ec/ectt100
0.600pk> </home/anton-n/.texlive2023/texmf-var/fonts/pk/ljfour/jknappen/ec/tcrm
1000.600pk> </home/anton-n/.texlive2023/texmf-var/fonts/pk/ljfour/jknappen/ec/e
cbx1200.600pk> </home/anton-n/.texlive2023/texmf-var/fonts/pk/ljfour/jknappen/e
c/ecbx2074.600pk> </home/anton-n/.texlive2023/texmf-var/fonts/pk/ljfour/jknappe
n/ec/ecbx1440.600pk> </home/anton-n/.texlive2023/texmf-var/fonts/pk/ljfour/jkna
ppen/ec/ecbx1000.600pk> </home/anton-n/.texlive2023/texmf-var/fonts/pk/ljfour/j
knappen/ec/ecrm1000.600pk> </home/anton-n/.texlive2023/texmf-var/fonts/pk/ljfou
r/jknappen/ec/ecbx2488.600pk> </home/anton-n/.texlive2023/texmf-var/fonts/pk/lj
four/jknappen/ec/ecrm1200.600pk> </home/anton-n/.texlive2023/texmf-var/fonts/pk
/ljfour/jknappen/ec/ecrm1728.600pk></usr/share/texlive/texmf-dist/fonts/type1/p
ublic/amsfonts/cm/cmmi10.pfb></usr/share/texlive/texmf-dist/fonts/type1/public/
amsfonts/cm/cmmi7.pfb></usr/share/texlive/texmf-dist/fonts/type1/public/amsfont
s/cm/cmr10.pfb></usr/share/texlive/texmf-dist/fonts/type1/public/amsfonts/cm/cm
sy10.pfb>
Output written on CyberRevenantUltraFuture.pdf (20 pages, 201592 bytes).
PDF statistics:
 586 PDF objects out of 1000 (max. 8388607)
 244 compressed objects within 3 object streams
 96 named destinations out of 1000 (max. 500000)
 50 words of extra memory for PDF output out of 10000 (max. 10000000)

